

@S |Clock Optimization Summary


#### START OF CLOCK OPTIMIZATION REPORT #####[

1 non-gated/non-generated clock tree(s) driving 8 clock pin(s) of sequential element(s)
1 gated/generated clock tree(s) driving 89 clock pin(s) of sequential element(s)
0 instances converted, 89 sequential instances remain driven by gated/generated clocks

==================================== Non-Gated/Non-Generated Clocks ====================================
Clock Tree ID     Driving Element     Drive Element Type     Fanout     Sample Instance                 
--------------------------------------------------------------------------------------------------------
@K:CKID0002       C1_ibuf             SB_IO                  8          U712_CHIP_RAM.REFRESH_COUNTER[7]
========================================================================================================
====================================================================================================== Gated/Generated Clocks ======================================================================================================
Clock Tree ID     Driving Element     Drive Element Type     Fanout     Sample Instance               Explanation                                                                                                                   
------------------------------------------------------------------------------------------------------------------------------------------------------------------------------------------------------------------------------------
@K:CKID0001       pll                 SB_PLL40_2F_CORE       89         U712_CYCLE_TERM.TACK_OUTn     Gating structure creates improper gating logic. See the Gated Clocks description in the user guide for conversion requirements
====================================================================================================================================================================================================================================


##### END OF CLOCK OPTIMIZATION REPORT ######]

