Release 14.7 - xst P.20131013 (lin64)
Copyright (c) 1995-2013 Xilinx, Inc.  All rights reserved.
--> 
Parameter TMPDIR set to xst/projnav.tmp


Total REAL time to Xst completion: 0.00 secs
Total CPU time to Xst completion: 0.03 secs
 
--> 
Parameter xsthdpdir set to xst


Total REAL time to Xst completion: 0.00 secs
Total CPU time to Xst completion: 0.03 secs
 
--> 
Reading design: U102_MAIN.prj

TABLE OF CONTENTS
  1) Synthesis Options Summary
  2) HDL Compilation
  3) Design Hierarchy Analysis
  4) HDL Analysis
  5) HDL Synthesis
     5.1) HDL Synthesis Report
  6) Advanced HDL Synthesis
     6.1) Advanced HDL Synthesis Report
  7) Low Level Synthesis
  8) Partition Report
  9) Final Report

=========================================================================
*                      Synthesis Options Summary                        *
=========================================================================
---- Source Parameters
Input File Name                    : "U102_MAIN.prj"
Input Format                       : mixed
Ignore Synthesis Constraint File   : NO

---- Target Parameters
Output File Name                   : "U102_MAIN"
Output Format                      : NGC
Target Device                      : XC9500XL CPLDs

---- Source Options
Top Module Name                    : U102_MAIN
Automatic FSM Extraction           : YES
FSM Encoding Algorithm             : Auto
Safe Implementation                : No
Mux Extraction                     : Yes
Resource Sharing                   : YES

---- Target Options
Add IO Buffers                     : YES
MACRO Preserve                     : YES
XOR Preserve                       : YES
Equivalent register Removal        : YES

---- General Options
Optimization Goal                  : Speed
Optimization Effort                : 1
Keep Hierarchy                     : Yes
Netlist Hierarchy                  : As_Optimized
RTL Output                         : Yes
Hierarchy Separator                : /
Bus Delimiter                      : <>
Case Specifier                     : Maintain
Verilog 2001                       : YES

---- Other Options
Clock Enable                       : YES
wysiwyg                            : NO

=========================================================================


=========================================================================
*                          HDL Compilation                              *
=========================================================================
Compiling vhdl file "/mnt/work/amiga/Service/Replacement Boards/AmigaPCI/Logic/U102/RESET.vhd" in Library work.
Architecture behavioral of Entity reset is up to date.
Compiling vhdl file "/mnt/work/amiga/Service/Replacement Boards/AmigaPCI/Logic/U102/Arbitration.vhd" in Library work.
Architecture behavioral of Entity arbitration is up to date.
Compiling vhdl file "/mnt/work/amiga/Service/Replacement Boards/AmigaPCI/Logic/U102/MC6800.vhd" in Library work.
Architecture behavioral of Entity mc6800 is up to date.
Compiling vhdl file "/mnt/work/amiga/Service/Replacement Boards/AmigaPCI/Logic/U102/AddressDecoding.vhd" in Library work.
Architecture behavioral of Entity addressdecoding is up to date.
Compiling vhdl file "/mnt/work/amiga/Service/Replacement Boards/AmigaPCI/Logic/U102/ByteEnable.vhd" in Library work.
Architecture behavioral of Entity byteenable is up to date.
Compiling vhdl file "/mnt/work/amiga/Service/Replacement Boards/AmigaPCI/Logic/U102/CycleACK.vhd" in Library work.
Architecture behavioral of Entity cycleack is up to date.
Compiling vhdl file "/mnt/work/amiga/Service/Replacement Boards/AmigaPCI/Logic/U102/ChipRAMController.vhd" in Library work.
Entity <chipramcontroller> compiled.
ERROR:HDLParsers:3312 - "/mnt/work/amiga/Service/Replacement Boards/AmigaPCI/Logic/U102/ChipRAMController.vhd" Line 253. Undefined symbol 'DATABUSEN'.
ERROR:HDLParsers:3312 - "/mnt/work/amiga/Service/Replacement Boards/AmigaPCI/Logic/U102/ChipRAMController.vhd" Line 253. Undefined symbol 'nDBR'.
ERROR:HDLParsers:1209 - "/mnt/work/amiga/Service/Replacement Boards/AmigaPCI/Logic/U102/ChipRAMController.vhd" Line 253. nDBR: Undefined symbol (last report in this block)
--> 


Total memory usage is 474404 kilobytes

Number of errors   :    3 (   0 filtered)
Number of warnings :    0 (   0 filtered)
Number of infos    :    0 (   0 filtered)

