# Synopsys Constraint Checker, version maplat, Build 1612R, built Dec  5 2016
# Copyright (C) 1994-2016 Synopsys, Inc. All rights reserved. This Synopsys software and all associated documentation are proprietary to Synopsys, Inc. and may only be used pursuant to the terms and conditions of a written license agreement with Synopsys, Inc. All other use, reproduction, modification, or distribution of the Synopsys software or the associated documentation is strictly prohibited.

# Written on Sat May 31 15:09:22 2025


##### DESIGN INFO #######################################################

Top View:                "U111_TOP"
Constraint File(s):      "D:\LocalBus68040\U111\U111_TOP.sdc"




##### SUMMARY ############################################################

Found 0 issues in 0 out of 1 constraints


##### DETAILS ############################################################



Clock Relationships
*******************

Starting                         Ending                           |     rise to rise     |     fall to fall     |     rise to fall     |     fall to rise                     
-----------------------------------------------------------------------------------------------------------------------------------------------------------------------------
U111_TOP|CLK40_derived_clock     U111_TOP|CLK40_derived_clock     |     25.000           |     No paths         |     12.380           |     No paths                         
=============================================================================================================================================================================
 Note: 'No paths' indicates there are no paths in the design for that pair of clock edges.
       'Diff grp' indicates that paths exist but the starting clock and ending clock are in different clock groups.


Unconstrained Start/End Points
******************************

p:A_040[0]
p:A_040[1]
p:A_AMIGA[0]
p:A_AMIGA[1]
p:BGn
p:BUFDIR
p:BUFENn
p:CPUBGn
p:DMAn
p:D_LL_040[0] (bidir end point)
p:D_LL_040[0] (bidir start point)
p:D_LL_040[1] (bidir end point)
p:D_LL_040[1] (bidir start point)
p:D_LL_040[2] (bidir end point)
p:D_LL_040[2] (bidir start point)
p:D_LL_040[3] (bidir end point)
p:D_LL_040[3] (bidir start point)
p:D_LL_040[4] (bidir end point)
p:D_LL_040[4] (bidir start point)
p:D_LL_040[5] (bidir end point)
p:D_LL_040[5] (bidir start point)
p:D_LL_040[6] (bidir end point)
p:D_LL_040[6] (bidir start point)
p:D_LL_040[7] (bidir end point)
p:D_LL_040[7] (bidir start point)
p:D_LL_AMIGA[0] (bidir end point)
p:D_LL_AMIGA[0] (bidir start point)
p:D_LL_AMIGA[1] (bidir end point)
p:D_LL_AMIGA[1] (bidir start point)
p:D_LL_AMIGA[2] (bidir end point)
p:D_LL_AMIGA[2] (bidir start point)
p:D_LL_AMIGA[3] (bidir end point)
p:D_LL_AMIGA[3] (bidir start point)
p:D_LL_AMIGA[4] (bidir end point)
p:D_LL_AMIGA[4] (bidir start point)
p:D_LL_AMIGA[5] (bidir end point)
p:D_LL_AMIGA[5] (bidir start point)
p:D_LL_AMIGA[6] (bidir end point)
p:D_LL_AMIGA[6] (bidir start point)
p:D_LL_AMIGA[7] (bidir end point)
p:D_LL_AMIGA[7] (bidir start point)
p:D_LM_040[0] (bidir end point)
p:D_LM_040[0] (bidir start point)
p:D_LM_040[1] (bidir end point)
p:D_LM_040[1] (bidir start point)
p:D_LM_040[2] (bidir end point)
p:D_LM_040[2] (bidir start point)
p:D_LM_040[3] (bidir end point)
p:D_LM_040[3] (bidir start point)
p:D_LM_040[4] (bidir end point)
p:D_LM_040[4] (bidir start point)
p:D_LM_040[5] (bidir end point)
p:D_LM_040[5] (bidir start point)
p:D_LM_040[6] (bidir end point)
p:D_LM_040[6] (bidir start point)
p:D_LM_040[7] (bidir end point)
p:D_LM_040[7] (bidir start point)
p:D_LM_AMIGA[0] (bidir end point)
p:D_LM_AMIGA[0] (bidir start point)
p:D_LM_AMIGA[1] (bidir end point)
p:D_LM_AMIGA[1] (bidir start point)
p:D_LM_AMIGA[2] (bidir end point)
p:D_LM_AMIGA[2] (bidir start point)
p:D_LM_AMIGA[3] (bidir end point)
p:D_LM_AMIGA[3] (bidir start point)
p:D_LM_AMIGA[4] (bidir end point)
p:D_LM_AMIGA[4] (bidir start point)
p:D_LM_AMIGA[5] (bidir end point)
p:D_LM_AMIGA[5] (bidir start point)
p:D_LM_AMIGA[6] (bidir end point)
p:D_LM_AMIGA[6] (bidir start point)
p:D_LM_AMIGA[7] (bidir end point)
p:D_LM_AMIGA[7] (bidir start point)
p:D_UM_040[0] (bidir end point)
p:D_UM_040[0] (bidir start point)
p:D_UM_040[1] (bidir end point)
p:D_UM_040[1] (bidir start point)
p:D_UM_040[2] (bidir end point)
p:D_UM_040[2] (bidir start point)
p:D_UM_040[3] (bidir end point)
p:D_UM_040[3] (bidir start point)
p:D_UM_040[4] (bidir end point)
p:D_UM_040[4] (bidir start point)
p:D_UM_040[5] (bidir end point)
p:D_UM_040[5] (bidir start point)
p:D_UM_040[6] (bidir end point)
p:D_UM_040[6] (bidir start point)
p:D_UM_040[7] (bidir end point)
p:D_UM_040[7] (bidir start point)
p:D_UM_AMIGA[0] (bidir end point)
p:D_UM_AMIGA[0] (bidir start point)
p:D_UM_AMIGA[1] (bidir end point)
p:D_UM_AMIGA[1] (bidir start point)
p:D_UM_AMIGA[2] (bidir end point)
p:D_UM_AMIGA[2] (bidir start point)
p:D_UM_AMIGA[3] (bidir end point)
p:D_UM_AMIGA[3] (bidir start point)
p:D_UM_AMIGA[4] (bidir end point)
p:D_UM_AMIGA[4] (bidir start point)
p:D_UM_AMIGA[5] (bidir end point)
p:D_UM_AMIGA[5] (bidir start point)
p:D_UM_AMIGA[6] (bidir end point)
p:D_UM_AMIGA[6] (bidir start point)
p:D_UM_AMIGA[7] (bidir end point)
p:D_UM_AMIGA[7] (bidir start point)
p:D_UU_040[0] (bidir end point)
p:D_UU_040[0] (bidir start point)
p:D_UU_040[1] (bidir end point)
p:D_UU_040[1] (bidir start point)
p:D_UU_040[2] (bidir end point)
p:D_UU_040[2] (bidir start point)
p:D_UU_040[3] (bidir end point)
p:D_UU_040[3] (bidir start point)
p:D_UU_040[4] (bidir end point)
p:D_UU_040[4] (bidir start point)
p:D_UU_040[5] (bidir end point)
p:D_UU_040[5] (bidir start point)
p:D_UU_040[6] (bidir end point)
p:D_UU_040[6] (bidir start point)
p:D_UU_040[7] (bidir end point)
p:D_UU_040[7] (bidir start point)
p:D_UU_AMIGA[0] (bidir end point)
p:D_UU_AMIGA[0] (bidir start point)
p:D_UU_AMIGA[1] (bidir end point)
p:D_UU_AMIGA[1] (bidir start point)
p:D_UU_AMIGA[2] (bidir end point)
p:D_UU_AMIGA[2] (bidir start point)
p:D_UU_AMIGA[3] (bidir end point)
p:D_UU_AMIGA[3] (bidir start point)
p:D_UU_AMIGA[4] (bidir end point)
p:D_UU_AMIGA[4] (bidir start point)
p:D_UU_AMIGA[5] (bidir end point)
p:D_UU_AMIGA[5] (bidir start point)
p:D_UU_AMIGA[6] (bidir end point)
p:D_UU_AMIGA[6] (bidir start point)
p:D_UU_AMIGA[7] (bidir end point)
p:D_UU_AMIGA[7] (bidir start point)
p:LBENn
p:PORTSIZE
p:RESETn
p:RnW
p:SIZ[0]
p:SIZ[1]
p:TACKn (bidir end point)
p:TACKn (bidir start point)
p:TAn (bidir end point)
p:TAn (bidir start point)
p:TBI_CPUn
p:TBIn
p:TCI_CPUn
p:TCIn
p:TEA_CPUn
p:TEAn
p:TS_CPUn
p:TSn


Inapplicable constraints
************************

(none)


Applicable constraints with issues
**********************************

(none)


Constraints with matching wildcard expressions
**********************************************

(none)


Library Report
**************


# End of Constraint Checker Report
