* ******************************************************************************

* iCEcube Report

* Version:            2020.12.27943

* Build Date:         Dec  9 2020 17:31:51

* File Generated:     Sep 14 2025 12:25:56

* Purpose:            General info of design implementation

* Copyright (C) 2006-2010 by Lattice Semiconductor Corp. All rights reserved.

* ******************************************************************************

Synthesis/Placement Summary:
----------------------------
    Status:  Successful
    Runtime: 1 seconds

Device Info:
------------
    Device Family: iCE40
    Device:        iCE40HX4K
    Package:       TQ144

Design statistics:
------------------
    FFs:                  105
    LUTs:                 265
    RAMs:                 0
    IOBs:                 72
    GBs:                  4
    PLLs:                 1
    Warm Boots:           0

Logic Resource Utilization:
---------------------------
    Total Logic Cells: 268/3520
        Combinational Logic Cells: 163      out of   3520      4.63068%
        Sequential Logic Cells:    105      out of   3520      2.98295%
        Logic Tiles:               84       out of   440       19.0909%
    Registers: 
        Logic Registers:           105      out of   3520      2.98295%
        IO Registers:              0        out of   880       0
    Block RAMs:                    0        out of   20        0%
    Warm Boots:                    0        out of   1         0%
    Pins:
        Input Pins:                44       out of   107       41.1215%
        Output Pins:               23       out of   107       21.4953%
        InOut Pins:                5        out of   107       4.6729%
    Global Buffers:                4        out of   8         50%
    PLLs:                          1        out of   2         50%

IO Bank Utilization:
--------------------
    Bank 3: 24       out of   28        85.7143%
    Bank 1: 18       out of   29        62.069%
    Bank 0: 19       out of   27        70.3704%
    Bank 2: 11       out of   23        47.8261%

Detailed I/O Info:
------------------
    Input Pins: 
    Pin Number  Direction  IO Standard  Pull Up  IO Bank  IO Function                                Signal Name   
    ----------  ---------  -----------  -------  -------  -----------                                -----------   
    1           Input      SB_LVCMOS    No       3        Simple Input                               A[3]          
    2           Input      SB_LVCMOS    No       3        Simple Input                               A[28]         
    3           Input      SB_LVCMOS    No       3        Simple Input                               A[22]         
    4           Input      SB_LVCMOS    No       3        Simple Input                               A[26]         
    7           Input      SB_LVCMOS    No       3        Simple Input                               A[29]         
    8           Input      SB_LVCMOS    No       3        Simple Input                               A[24]         
    9           Input      SB_LVCMOS    No       3        Simple Input                               A[30]         
    10          Input      SB_LVCMOS    No       3        Simple Input                               A[31]         
    11          Input      SB_LVCMOS    No       3        Simple Input                               A[27]         
    12          Input      SB_LVCMOS    No       3        Simple Input                               A[25]         
    15          Input      SB_LVCMOS    No       3        Simple Input                               A[21]         
    16          Input      SB_LVCMOS    No       3        Simple Input                               A[23]         
    17          Input      SB_LVCMOS    No       3        Simple Input                               A[20]         
    18          Input      SB_LVCMOS    No       3        Simple Input                               A[4]          
    19          Input      SB_LVCMOS    No       3        Simple Input                               A[5]          
    20          Input      SB_LVCMOS    No       3        Simple Input                               A[6]          
    21          Input      SB_LVCMOS    No       3        Simple Input                               A[7]          
    26          Input      SB_LVCMOS    No       3        Simple Input                               A[12]         
    28          Input      SB_LVCMOS    No       3        Simple Input                               A[13]         
    29          Input      SB_LVCMOS    No       3        Simple Input                               A[14]         
    31          Input      SB_LVCMOS    No       3        Simple Input                               A[15]         
    32          Input      SB_LVCMOS    No       3        Simple Input                               A[16]         
    33          Input      SB_LVCMOS    No       3        Simple Input                               A[17]         
    34          Input      SB_LVCMOS    No       3        Simple Input                               A[18]         
    37          Input      SB_LVCMOS    No       2        Simple Input                               A[19]         
    52          Input      SB_LVCMOS    No       2        Simple Input                               CLK6          
    62          Input      SB_LVCMOS    No       2        Simple Input                               RESETn        
    83          Input      SB_LVCMOS    No       1        Simple Input                               OVL           
    93          Input      SB_LVCMOS    No       1        Simple Input                               XCLK          
    94          Input      SB_LVCMOS    No       1        Simple Input                               CLK28_IN      
    102         Input      SB_LVCMOS    No       1        Simple Input                               XCLK_ENn      
    106         Input      SB_LVCMOS    Yes      1        Simple Input                               ROM_DELAY[0]  
    107         Input      SB_LVCMOS    Yes      1        Simple Input                               ROM_DELAY[1]  
    110         Input      SB_LVCMOS    Yes      0        Simple Input                               AUTOBOOT      
    112         Input      SB_LVCMOS    Yes      0        Simple Input                               PPIO_J        
    113         Input      SB_LVCMOS    Yes      0        Simple Input                               SPIO_J        
    129         Input      SB_LVCMOS    No       0        Simple Input                               CLK40_IN      
    130         Input      SB_LVCMOS    No       0        Simple Input                               CPUCONFn      
    134         Input      SB_LVCMOS    No       0        Simple Input                               TSn           
    138         Input      SB_LVCMOS    No       0        Simple Input                               TT[0]         
    139         Input      SB_LVCMOS    No       0        Simple Input                               TT[1]         
    142         Input      SB_LVCMOS    No       0        Simple Input                               RnW           
    143         Input      SB_LVCMOS    No       0        Simple Input                               A[2]          
    144         Input      SB_LVCMOS    No       0        Simple Input                               A[1]          

    Output Pins: 
    Pin Number  Direction  IO Standard  Pull Up  IO Bank  IO Function                                Signal Name   
    ----------  ---------  -----------  -------  -------  -----------                                -----------   
    48          Output     SB_LVCMOS    No       2        Simple Output                              RAMSPACEn     
    56          Output     SB_LVCMOS    No       2        Simple Output                              CONFIGENn     
    63          Output     SB_LVCMOS    No       2        Simple Output                              TICK60        
    64          Output     SB_LVCMOS    No       2        Simple Output                              TICK50        
    75          Output     SB_LVCMOS    No       1        Simple Output                              PCS0          
    76          Output     SB_LVCMOS    No       1        Simple Output                              PCS1          
    78          Output     SB_LVCMOS    No       1        Simple Output                              SCS0          
    79          Output     SB_LVCMOS    No       1        Simple Output                              SCS1          
    80          Output     SB_LVCMOS    No       1        Simple Output                              CIACS0n       
    81          Output     SB_LVCMOS    No       1        Simple Output                              CIACS1n       
    82          Output     SB_LVCMOS    No       1        Simple Output                              RTC_ENn       
    87          Output     SB_LVCMOS    No       1        Simple Output                              PPIO          
    88          Output     SB_LVCMOS    No       1        Simple Output                              SPIO          
    90          Output     SB_LVCMOS    No       1        Simple Output                              ATA_ENn       
    95          Output     SB_LVCMOS    No       1        Simple Output                              F_ENn         
    97          Output     SB_LVCMOS    No       1        Simple Output                              AGNUS_CLK     
    117         Output     SB_LVCMOS    No       0        Output Tristatable by Enable               TCIn          
    118         Output     SB_LVCMOS    No       0        Output Tristatable by Enable               TBIn          
    120         Output     SB_LVCMOS    No       0        Simple Output                              REGSPACEn     
    121         Output     SB_LVCMOS    No       0        Simple Output                              BUFENn        
    122         Output     SB_LVCMOS    No       0        Simple Output                              CLK_CIA       
    124         Output     SB_LVCMOS    No       0        Simple Output                              ROMENn        
    135         Output     SB_LVCMOS    No       0        Simple Output                              PORTSIZE      

    Inoutput Pins: 
    Pin Number  Direction  IO Standard  Pull Up  IO Bank  IO Function                                Signal Name   
    ----------  ---------  -----------  -------  -------  -----------                                -----------   
    43          InOut      SB_LVCMOS    No       2        Simple Input Output Tristatable by Enable  D[4]          
    44          InOut      SB_LVCMOS    No       2        Simple Input Output Tristatable by Enable  D[5]          
    45          InOut      SB_LVCMOS    No       2        Simple Input Output Tristatable by Enable  D[6]          
    47          InOut      SB_LVCMOS    No       2        Simple Input Output Tristatable by Enable  D[7]          
    119         InOut      SB_LVCMOS    No       0        Simple Input Output Tristatable by Enable  TACKn         

Detailed Global Buffer Info:
----------------------------
    Buffer Number  IO Bank  Driven By  Fanout  Signal Name   
    -------------  -------  ---------  ------  -----------   
    5              1        IO         11      CLK28_IN_c_g  
    7              0        IO         32      CLK40_IN_c_g  
    3              2        IO         36      CLK6_c_g      
    4              0                   34      RESETn_c_i_g  


Router Summary:
---------------
    Status:  Successful
    Runtime: 11 seconds

Routing Resource Utilization:
-----------------------------
              Local line of tile     2101 out of 146184      1.43723%
                          Span 4      417 out of  29696      1.40423%
                         Span 12      171 out of   5632      3.03622%
                  Global network        5 out of      8      62.5%
      Vertical Inter-LUT Connect       40 out of   6720      0.595238%

