V3 15
FL "/mnt/work/amiga/Service/Replacement Boards/AmigaPCI/Logic/U903-IDE-CONTROLLER/AgnusClock.vhd" 2023/06/21.20:49:09 P.20131013
EN work/AgnusClock 1687398705 \
      FL "/mnt/work/amiga/Service/Replacement Boards/AmigaPCI/Logic/U903-IDE-CONTROLLER/AgnusClock.vhd" \
      PB ieee/std_logic_1164 1381692176
AR work/AgnusClock/Behavioral 1687398706 \
      FL "/mnt/work/amiga/Service/Replacement Boards/AmigaPCI/Logic/U903-IDE-CONTROLLER/AgnusClock.vhd" \
      EN work/AgnusClock 1687398705
FL "/mnt/work/amiga/Service/Replacement Boards/AmigaPCI/Logic/U903-IDE-CONTROLLER/ByteEnable.vhd" 2023/06/21.20:07:22 P.20131013
EN work/ByteEnable 1687398703 \
      FL "/mnt/work/amiga/Service/Replacement Boards/AmigaPCI/Logic/U903-IDE-CONTROLLER/ByteEnable.vhd" \
      PB ieee/std_logic_1164 1381692176
AR work/ByteEnable/Behavioral 1687398704 \
      FL "/mnt/work/amiga/Service/Replacement Boards/AmigaPCI/Logic/U903-IDE-CONTROLLER/ByteEnable.vhd" \
      EN work/ByteEnable 1687398703
FL "/mnt/work/amiga/Service/Replacement Boards/AmigaPCI/Logic/U903-IDE-CONTROLLER/IDE-CONTROLLER.vhd" 2023/06/21.20:10:07 P.20131013
EN work/IDE_CONTROLLER 1687398701 \
      FL "/mnt/work/amiga/Service/Replacement Boards/AmigaPCI/Logic/U903-IDE-CONTROLLER/IDE-CONTROLLER.vhd" \
      PB ieee/std_logic_1164 1381692176
AR work/IDE_CONTROLLER/Behavioral 1687398702 \
      FL "/mnt/work/amiga/Service/Replacement Boards/AmigaPCI/Logic/U903-IDE-CONTROLLER/IDE-CONTROLLER.vhd" \
      EN work/IDE_CONTROLLER 1687398701
FL "/mnt/work/amiga/Service/Replacement Boards/AmigaPCI/Logic/U903-IDE-CONTROLLER/MAIN.vhd" 2023/06/21.20:51:37 P.20131013
EN work/MAIN 1687398707 \
      FL "/mnt/work/amiga/Service/Replacement Boards/AmigaPCI/Logic/U903-IDE-CONTROLLER/MAIN.vhd" \
      PB ieee/std_logic_1164 1381692176
AR work/MAIN/Behavioral 1687398708 \
      FL "/mnt/work/amiga/Service/Replacement Boards/AmigaPCI/Logic/U903-IDE-CONTROLLER/MAIN.vhd" \
      EN work/MAIN 1687398707 CP work/IDE_CONTROLLER CP work/ByteEnable \
      CP work/AgnusClock
