V3 22
FL "/mnt/work/amiga/Service/Replacement Boards/AmigaPCI/Logic/U711-CHIP-RAM-CONTROLLER/AddressStrobe.vhd" 2023/05/06.23:00:21 P.20131013
EN work/AddressStrobe 1683492744 \
      FL "/mnt/work/amiga/Service/Replacement Boards/AmigaPCI/Logic/U711-CHIP-RAM-CONTROLLER/AddressStrobe.vhd" \
      PB ieee/std_logic_1164 1381692176
AR work/AddressStrobe/Behavioral 1683492745 \
      FL "/mnt/work/amiga/Service/Replacement Boards/AmigaPCI/Logic/U711-CHIP-RAM-CONTROLLER/AddressStrobe.vhd" \
      EN work/AddressStrobe 1683492744
FL "/mnt/work/amiga/Service/Replacement Boards/AmigaPCI/Logic/U711-CHIP-RAM-CONTROLLER/AgnusAddressStrobes.vhd" 2023/05/07.14:56:37 P.20131013
EN work/AgnusAddressStrobes 1683494099 \
      FL "/mnt/work/amiga/Service/Replacement Boards/AmigaPCI/Logic/U711-CHIP-RAM-CONTROLLER/AgnusAddressStrobes.vhd" \
      PB ieee/std_logic_1164 1381692176
AR work/AgnusAddressStrobes/Behavioral 1683494100 \
      FL "/mnt/work/amiga/Service/Replacement Boards/AmigaPCI/Logic/U711-CHIP-RAM-CONTROLLER/AgnusAddressStrobes.vhd" \
      EN work/AgnusAddressStrobes 1683494099
FL "/mnt/work/amiga/Service/Replacement Boards/AmigaPCI/Logic/U711-CHIP-RAM-CONTROLLER/ByteEnable.vhd" 2023/05/07.14:27:19 P.20131013
EN work/ByteEnable 1683494101 \
      FL "/mnt/work/amiga/Service/Replacement Boards/AmigaPCI/Logic/U711-CHIP-RAM-CONTROLLER/ByteEnable.vhd" \
      PB ieee/std_logic_1164 1381692176
AR work/ByteEnable/Behavioral 1683494102 \
      FL "/mnt/work/amiga/Service/Replacement Boards/AmigaPCI/Logic/U711-CHIP-RAM-CONTROLLER/ByteEnable.vhd" \
      EN work/ByteEnable 1683494101
FL "/mnt/work/amiga/Service/Replacement Boards/AmigaPCI/Logic/U711-CHIP-RAM-CONTROLLER/MAIN.vhd" 2023/05/07.16:12:09 P.20131013
EN work/MAIN 1683494105 \
      FL "/mnt/work/amiga/Service/Replacement Boards/AmigaPCI/Logic/U711-CHIP-RAM-CONTROLLER/MAIN.vhd" \
      PB ieee/std_logic_1164 1381692176
AR work/MAIN/Behavioral 1683494106 \
      FL "/mnt/work/amiga/Service/Replacement Boards/AmigaPCI/Logic/U711-CHIP-RAM-CONTROLLER/MAIN.vhd" \
      EN work/MAIN 1683494105 CP work/RefreshCounter CP work/AgnusAddressStrobes \
      CP work/ByteEnable CP work/MemoryController
FL "/mnt/work/amiga/Service/Replacement Boards/AmigaPCI/Logic/U711-CHIP-RAM-CONTROLLER/MemoryController.vhd" 2023/05/07.16:08:57 P.20131013
EN work/MemoryController 1683494103 \
      FL "/mnt/work/amiga/Service/Replacement Boards/AmigaPCI/Logic/U711-CHIP-RAM-CONTROLLER/MemoryController.vhd" \
      PB ieee/std_logic_1164 1381692176
AR work/MemoryController/Behavioral 1683494104 \
      FL "/mnt/work/amiga/Service/Replacement Boards/AmigaPCI/Logic/U711-CHIP-RAM-CONTROLLER/MemoryController.vhd" \
      EN work/MemoryController 1683494103
FL "/mnt/work/amiga/Service/Replacement Boards/AmigaPCI/Logic/U711-CHIP-RAM-CONTROLLER/RefreshCounter.vhd" 2023/05/07.16:09:39 P.20131013
EN work/RefreshCounter 1683494097 \
      FL "/mnt/work/amiga/Service/Replacement Boards/AmigaPCI/Logic/U711-CHIP-RAM-CONTROLLER/RefreshCounter.vhd" \
      PB ieee/std_logic_1164 1381692176
AR work/RefreshCounter/Behavioral 1683494098 \
      FL "/mnt/work/amiga/Service/Replacement Boards/AmigaPCI/Logic/U711-CHIP-RAM-CONTROLLER/RefreshCounter.vhd" \
      EN work/RefreshCounter 1683494097
