V3 31
FL "/mnt/work/amiga/Service/Replacement Boards/AmigaPCI/Logic/U102/AddressDecoding.vhd" 2023/05/05.18:42:32 P.20131013
EN work/AddressDecoding 1683330290 \
      FL "/mnt/work/amiga/Service/Replacement Boards/AmigaPCI/Logic/U102/AddressDecoding.vhd" \
      PB ieee/std_logic_1164 1381692176
AR work/AddressDecoding/Behavioral 1683330291 \
      FL "/mnt/work/amiga/Service/Replacement Boards/AmigaPCI/Logic/U102/AddressDecoding.vhd" \
      EN work/AddressDecoding 1683330290
FL "/mnt/work/amiga/Service/Replacement Boards/AmigaPCI/Logic/U102/Arbitration.vhd" 2023/04/20.20:12:31 P.20131013
EN work/Arbitration 1683330286 \
      FL "/mnt/work/amiga/Service/Replacement Boards/AmigaPCI/Logic/U102/Arbitration.vhd" \
      PB ieee/std_logic_1164 1381692176
AR work/Arbitration/Behavioral 1683330287 \
      FL "/mnt/work/amiga/Service/Replacement Boards/AmigaPCI/Logic/U102/Arbitration.vhd" \
      EN work/Arbitration 1683330286
FL "/mnt/work/amiga/Service/Replacement Boards/AmigaPCI/Logic/U102/ByteEnable.vhd" 2023/04/30.11:20:55 P.20131013
EN work/ByteEnable 1683330292 \
      FL "/mnt/work/amiga/Service/Replacement Boards/AmigaPCI/Logic/U102/ByteEnable.vhd" \
      PB ieee/std_logic_1164 1381692176
AR work/ByteEnable/Behavioral 1683330293 \
      FL "/mnt/work/amiga/Service/Replacement Boards/AmigaPCI/Logic/U102/ByteEnable.vhd" \
      EN work/ByteEnable 1683330292
FL "/mnt/work/amiga/Service/Replacement Boards/AmigaPCI/Logic/U102/ChipRAMController.vhd" 2023/05/05.18:39:26 P.20131013
EN work/ChipRAMController 0 \
      FL "/mnt/work/amiga/Service/Replacement Boards/AmigaPCI/Logic/U102/ChipRAMController.vhd" \
      PB ieee/std_logic_1164 1381692176
AR work/ChipRAMController/Behavioral 0 \
      FL "/mnt/work/amiga/Service/Replacement Boards/AmigaPCI/Logic/U102/ChipRAMController.vhd" \
      EN work/ChipRAMController 0
FL "/mnt/work/amiga/Service/Replacement Boards/AmigaPCI/Logic/U102/CycleACK.vhd" 2023/04/30.11:48:05 P.20131013
EN work/CycleACK 1683330294 \
      FL "/mnt/work/amiga/Service/Replacement Boards/AmigaPCI/Logic/U102/CycleACK.vhd" \
      PB ieee/std_logic_1164 1381692176
AR work/CycleACK/Behavioral 1683330295 \
      FL "/mnt/work/amiga/Service/Replacement Boards/AmigaPCI/Logic/U102/CycleACK.vhd" \
      EN work/CycleACK 1683330294
FL "/mnt/work/amiga/Service/Replacement Boards/AmigaPCI/Logic/U102/MC6800.vhd" 2023/04/20.20:12:57 P.20131013
EN work/MC6800 1683330288 \
      FL "/mnt/work/amiga/Service/Replacement Boards/AmigaPCI/Logic/U102/MC6800.vhd" \
      PB ieee/std_logic_1164 1381692176
AR work/MC6800/Behavioral 1683330289 \
      FL "/mnt/work/amiga/Service/Replacement Boards/AmigaPCI/Logic/U102/MC6800.vhd" \
      EN work/MC6800 1683330288
FL "/mnt/work/amiga/Service/Replacement Boards/AmigaPCI/Logic/U102/RESET.vhd" 2023/04/09.19:55:39 P.20131013
EN work/RESET 1683330284 \
      FL "/mnt/work/amiga/Service/Replacement Boards/AmigaPCI/Logic/U102/RESET.vhd" \
      PB ieee/std_logic_1164 1381692176
AR work/RESET/Behavioral 1683330285 \
      FL "/mnt/work/amiga/Service/Replacement Boards/AmigaPCI/Logic/U102/RESET.vhd" \
      EN work/RESET 1683330284
FL "/mnt/work/amiga/Service/Replacement Boards/AmigaPCI/Logic/U102/U102-MAIN.vhd" 2023/05/05.18:39:39 P.20131013
EN work/U102_MAIN 0 \
      FL "/mnt/work/amiga/Service/Replacement Boards/AmigaPCI/Logic/U102/U102-MAIN.vhd" \
      PB ieee/std_logic_1164 1381692176
AR work/U102_MAIN/Behavioral 0 \
      FL "/mnt/work/amiga/Service/Replacement Boards/AmigaPCI/Logic/U102/U102-MAIN.vhd" \
      EN work/U102_MAIN 0 CP work/RESET CP work/Arbitration CP work/MC6800 \
      CP work/AddressDecoding CP work/ByteEnable CP work/CycleACK \
      CP work/ChipRAMController
